[2024-03-17T12:57:06.805+0000][0.053s] Using G1
[2024-03-17T12:57:06.913+0000][0.161s] Version: 17.0.10+7 (release)
[2024-03-17T12:57:06.913+0000][0.162s] CPUs: 8 total, 8 available
[2024-03-17T12:57:06.913+0000][0.162s] Memory: 12686M
[2024-03-17T12:57:06.914+0000][0.162s] Large Page Support: Disabled
[2024-03-17T12:57:06.914+0000][0.162s] NUMA Support: Disabled
[2024-03-17T12:57:06.914+0000][0.163s] Compressed Oops: Enabled (32-bit)
[2024-03-17T12:57:06.915+0000][0.163s] Heap Region Size: 1M
[2024-03-17T12:57:06.915+0000][0.163s] Heap Min Capacity: 512M
[2024-03-17T12:57:06.915+0000][0.163s] Heap Initial Capacity: 512M
[2024-03-17T12:57:06.917+0000][0.165s] Heap Max Capacity: 512M
[2024-03-17T12:57:06.917+0000][0.166s] Pre-touch: Enabled
[2024-03-17T12:57:06.917+0000][0.166s] Parallel Workers: 8
[2024-03-17T12:57:06.918+0000][0.166s] Concurrent Workers: 2
[2024-03-17T12:57:06.918+0000][0.166s] Concurrent Refinement Workers: 8
[2024-03-17T12:57:06.918+0000][0.166s] Periodic GC: Disabled
[2024-03-17T12:57:06.924+0000][0.172s] CDS archive(s) mapped at: [0x00007f37c7000000-0x00007f37c7a5f000-0x00007f37c7a5f000), size 10874880, SharedBaseAddress: 0x00007f37c7000000, ArchiveRelocationMode: 1.
[2024-03-17T12:57:06.924+0000][0.173s] Compressed class space mapped at: 0x00007f37c8000000-0x00007f3808000000, reserved size: 1073741824
[2024-03-17T12:57:06.925+0000][0.173s] Narrow klass base: 0x00007f37c7000000, Narrow klass shift: 0, Narrow klass range: 0x100000000
[2024-03-17T12:57:08.852+0000][2.100s] GC(0) Pause Young (Normal) (G1 Evacuation Pause)
[2024-03-17T12:57:08.852+0000][2.101s] GC(0) Using 8 workers of 8 for evacuation
[2024-03-17T12:57:08.860+0000][2.108s] GC(0)   Pre Evacuate Collection Set: 0.4ms
[2024-03-17T12:57:08.860+0000][2.109s] GC(0)   Merge Heap Roots: 0.3ms
[2024-03-17T12:57:08.860+0000][2.109s] GC(0)   Evacuate Collection Set: 4.3ms
[2024-03-17T12:57:08.861+0000][2.109s] GC(0)   Post Evacuate Collection Set: 1.7ms
[2024-03-17T12:57:08.861+0000][2.109s] GC(0)   Other: 1.7ms
[2024-03-17T12:57:08.861+0000][2.110s] GC(0) Eden regions: 29->0(57)
[2024-03-17T12:57:08.862+0000][2.110s] GC(0) Survivor regions: 0->4(4)
[2024-03-17T12:57:08.862+0000][2.111s] GC(0) Old regions: 0->1
[2024-03-17T12:57:08.863+0000][2.111s] GC(0) Archive regions: 2->2
[2024-03-17T12:57:08.863+0000][2.112s] GC(0) Humongous regions: 0->0
[2024-03-17T12:57:08.863+0000][2.112s] GC(0) Metaspace: 10131K(10432K)->10131K(10432K) NonClass: 8870K(9024K)->8870K(9024K) Class: 1260K(1408K)->1260K(1408K)
[2024-03-17T12:57:08.864+0000][2.112s] GC(0) Pause Young (Normal) (G1 Evacuation Pause) 29M->5M(512M) 12.106ms
[2024-03-17T12:57:08.864+0000][2.113s] GC(0) User=0.04s Sys=0.02s Real=0.02s
[2024-03-17T12:57:10.229+0000][3.477s] GC(1) Pause Young (Normal) (G1 Evacuation Pause)
[2024-03-17T12:57:10.229+0000][3.478s] GC(1) Using 8 workers of 8 for evacuation
[2024-03-17T12:57:10.241+0000][3.490s] GC(1)   Pre Evacuate Collection Set: 0.2ms
[2024-03-17T12:57:10.242+0000][3.490s] GC(1)   Merge Heap Roots: 0.2ms
[2024-03-17T12:57:10.242+0000][3.490s] GC(1)   Evacuate Collection Set: 9.6ms
[2024-03-17T12:57:10.242+0000][3.491s] GC(1)   Post Evacuate Collection Set: 1.3ms
[2024-03-17T12:57:10.242+0000][3.491s] GC(1)   Other: 1.1ms
[2024-03-17T12:57:10.243+0000][3.491s] GC(1) Eden regions: 54->0(64)
[2024-03-17T12:57:10.243+0000][3.491s] GC(1) Survivor regions: 4->8(8)
[2024-03-17T12:57:10.243+0000][3.491s] GC(1) Old regions: 1->9
[2024-03-17T12:57:10.243+0000][3.492s] GC(1) Archive regions: 2->2
[2024-03-17T12:57:10.243+0000][3.492s] GC(1) Humongous regions: 4->4
[2024-03-17T12:57:10.244+0000][3.492s] GC(1) Metaspace: 17909K(18176K)->17909K(18176K) NonClass: 15694K(15872K)->15694K(15872K) Class: 2215K(2304K)->2215K(2304K)
[2024-03-17T12:57:10.244+0000][3.492s] GC(1) Pause Young (Normal) (G1 Evacuation Pause) 63M->21M(512M) 15.076ms
[2024-03-17T12:57:10.244+0000][3.493s] GC(1) User=0.08s Sys=0.01s Real=0.01s
[2024-03-17T12:57:10.909+0000][4.157s] GC(2) Pause Young (Concurrent Start) (Metadata GC Threshold)
[2024-03-17T12:57:10.909+0000][4.157s] GC(2) Using 8 workers of 8 for evacuation
[2024-03-17T12:57:10.916+0000][4.165s] GC(2)   Pre Evacuate Collection Set: 0.2ms
[2024-03-17T12:57:10.917+0000][4.165s] GC(2)   Merge Heap Roots: 0.1ms
[2024-03-17T12:57:10.917+0000][4.165s] GC(2)   Evacuate Collection Set: 5.3ms
[2024-03-17T12:57:10.917+0000][4.165s] GC(2)   Post Evacuate Collection Set: 1.0ms
[2024-03-17T12:57:10.917+0000][4.166s] GC(2)   Other: 0.8ms
[2024-03-17T12:57:10.917+0000][4.166s] GC(2) Eden regions: 31->0(72)
[2024-03-17T12:57:10.917+0000][4.166s] GC(2) Survivor regions: 8->3(9)
[2024-03-17T12:57:10.918+0000][4.166s] GC(2) Old regions: 9->17
[2024-03-17T12:57:10.918+0000][4.166s] GC(2) Archive regions: 2->2
[2024-03-17T12:57:10.918+0000][4.166s] GC(2) Humongous regions: 4->4
[2024-03-17T12:57:10.918+0000][4.166s] GC(2) Metaspace: 21159K(21504K)->21159K(21504K) NonClass: 18540K(18688K)->18540K(18688K) Class: 2618K(2816K)->2618K(2816K)
[2024-03-17T12:57:10.918+0000][4.167s] GC(2) Pause Young (Concurrent Start) (Metadata GC Threshold) 52M->23M(512M) 9.489ms
[2024-03-17T12:57:10.918+0000][4.167s] GC(2) User=0.04s Sys=0.02s Real=0.01s
[2024-03-17T12:57:10.919+0000][4.167s] GC(3) Concurrent Mark Cycle
[2024-03-17T12:57:10.919+0000][4.167s] GC(3) Concurrent Clear Claimed Marks
[2024-03-17T12:57:10.919+0000][4.168s] GC(3) Concurrent Clear Claimed Marks 0.315ms
[2024-03-17T12:57:10.919+0000][4.168s] GC(3) Concurrent Scan Root Regions
[2024-03-17T12:57:10.923+0000][4.171s] GC(3) Concurrent Scan Root Regions 3.114ms
[2024-03-17T12:57:10.923+0000][4.171s] GC(3) Concurrent Mark
[2024-03-17T12:57:10.923+0000][4.171s] GC(3) Concurrent Mark From Roots
[2024-03-17T12:57:10.923+0000][4.172s] GC(3) Using 2 workers of 2 for marking
[2024-03-17T12:57:10.937+0000][4.186s] GC(3) Concurrent Mark From Roots 14.056ms
[2024-03-17T12:57:10.937+0000][4.186s] GC(3) Concurrent Preclean
[2024-03-17T12:57:10.938+0000][4.186s] GC(3) Concurrent Preclean 0.333ms
[2024-03-17T12:57:10.938+0000][4.187s] GC(3) Pause Remark
[2024-03-17T12:57:10.941+0000][4.190s] GC(3) Pause Remark 25M->25M(512M) 3.068ms
[2024-03-17T12:57:10.942+0000][4.190s] GC(3) User=0.01s Sys=0.00s Real=0.00s
[2024-03-17T12:57:10.942+0000][4.190s] GC(3) Concurrent Mark 19.008ms
[2024-03-17T12:57:10.942+0000][4.190s] GC(3) Concurrent Rebuild Remembered Sets
[2024-03-17T12:57:10.942+0000][4.191s] GC(3) Concurrent Rebuild Remembered Sets 0.163ms
[2024-03-17T12:57:10.943+0000][4.191s] GC(3) Pause Cleanup
[2024-03-17T12:57:10.943+0000][4.191s] GC(3) Pause Cleanup 25M->25M(512M) 0.169ms
[2024-03-17T12:57:10.943+0000][4.191s] GC(3) User=0.01s Sys=0.00s Real=0.00s
[2024-03-17T12:57:10.943+0000][4.192s] GC(3) Concurrent Cleanup for Next Mark
[2024-03-17T12:57:10.944+0000][4.192s] GC(3) Concurrent Cleanup for Next Mark 0.662ms
[2024-03-17T12:57:10.944+0000][4.193s] GC(3) Concurrent Mark Cycle 25.512ms
[2024-03-17T12:57:14.349+0000][7.598s] GC(4) Pause Young (Normal) (G1 Evacuation Pause)
[2024-03-17T12:57:14.350+0000][7.598s] GC(4) Using 8 workers of 8 for evacuation
[2024-03-17T12:57:14.359+0000][7.607s] GC(4)   Pre Evacuate Collection Set: 0.2ms
[2024-03-17T12:57:14.359+0000][7.607s] GC(4)   Merge Heap Roots: 0.2ms
[2024-03-17T12:57:14.359+0000][7.608s] GC(4)   Evacuate Collection Set: 5.6ms
[2024-03-17T12:57:14.360+0000][7.608s] GC(4)   Post Evacuate Collection Set: 2.6ms
[2024-03-17T12:57:14.360+0000][7.608s] GC(4)   Other: 0.9ms
[2024-03-17T12:57:14.360+0000][7.609s] GC(4) Eden regions: 72->0(300)
[2024-03-17T12:57:14.361+0000][7.609s] GC(4) Survivor regions: 3->7(10)
[2024-03-17T12:57:14.361+0000][7.609s] GC(4) Old regions: 17->17
[2024-03-17T12:57:14.361+0000][7.609s] GC(4) Archive regions: 2->2
[2024-03-17T12:57:14.361+0000][7.610s] GC(4) Humongous regions: 4->4
[2024-03-17T12:57:14.362+0000][7.610s] GC(4) Metaspace: 33163K(33536K)->33163K(33536K) NonClass: 29040K(29248K)->29040K(29248K) Class: 4123K(4288K)->4123K(4288K)
[2024-03-17T12:57:14.362+0000][7.610s] GC(4) Pause Young (Normal) (G1 Evacuation Pause) 95M->28M(512M) 12.794ms
[2024-03-17T12:57:14.362+0000][7.611s] GC(4) User=0.07s Sys=0.00s Real=0.01s
[2024-03-17T12:57:15.537+0000][8.785s] GC(5) Pause Young (Concurrent Start) (Metadata GC Threshold)
[2024-03-17T12:57:15.537+0000][8.786s] GC(5) Using 8 workers of 8 for evacuation
[2024-03-17T12:57:15.550+0000][8.799s] GC(5)   Pre Evacuate Collection Set: 0.3ms
[2024-03-17T12:57:15.551+0000][8.799s] GC(5)   Merge Heap Roots: 0.2ms
[2024-03-17T12:57:15.551+0000][8.800s] GC(5)   Evacuate Collection Set: 11.2ms
[2024-03-17T12:57:15.552+0000][8.800s] GC(5)   Post Evacuate Collection Set: 1.0ms
[2024-03-17T12:57:15.553+0000][8.801s] GC(5)   Other: 1.3ms
[2024-03-17T12:57:15.553+0000][8.802s] GC(5) Eden regions: 22->0(299)
[2024-03-17T12:57:15.554+0000][8.802s] GC(5) Survivor regions: 7->8(39)
[2024-03-17T12:57:15.554+0000][8.802s] GC(5) Old regions: 17->17
[2024-03-17T12:57:15.554+0000][8.802s] GC(5) Archive regions: 2->2
[2024-03-17T12:57:15.554+0000][8.803s] GC(5) Humongous regions: 4->4
[2024-03-17T12:57:15.554+0000][8.803s] GC(5) Metaspace: 35730K(36160K)->35730K(36160K) NonClass: 31244K(31424K)->31244K(31424K) Class: 4486K(4736K)->4486K(4736K)
[2024-03-17T12:57:15.555+0000][8.803s] GC(5) Pause Young (Concurrent Start) (Metadata GC Threshold) 49M->29M(512M) 18.380ms
[2024-03-17T12:57:15.557+0000][8.805s] GC(5) User=0.05s Sys=0.00s Real=0.02s
[2024-03-17T12:57:15.557+0000][8.806s] GC(6) Concurrent Mark Cycle
[2024-03-17T12:57:15.561+0000][8.810s] GC(6) Concurrent Clear Claimed Marks
[2024-03-17T12:57:15.562+0000][8.810s] GC(6) Concurrent Clear Claimed Marks 0.369ms
[2024-03-17T12:57:15.562+0000][8.810s] GC(6) Concurrent Scan Root Regions
[2024-03-17T12:57:15.566+0000][8.815s] GC(6) Concurrent Scan Root Regions 4.455ms
[2024-03-17T12:57:15.574+0000][8.823s] GC(6) Concurrent Mark
[2024-03-17T12:57:15.575+0000][8.823s] GC(6) Concurrent Mark From Roots
[2024-03-17T12:57:15.575+0000][8.823s] GC(6) Using 2 workers of 2 for marking
[2024-03-17T12:57:15.626+0000][8.874s] GC(6) Concurrent Mark From Roots 51.150ms
[2024-03-17T12:57:15.626+0000][8.875s] GC(6) Concurrent Preclean
[2024-03-17T12:57:15.627+0000][8.876s] GC(6) Concurrent Preclean 1.080ms
[2024-03-17T12:57:15.628+0000][8.876s] GC(6) Pause Remark
[2024-03-17T12:57:15.640+0000][8.889s] GC(6) Pause Remark 32M->32M(512M) 12.197ms
[2024-03-17T12:57:15.641+0000][8.889s] GC(6) User=0.02s Sys=0.00s Real=0.01s
[2024-03-17T12:57:15.641+0000][8.889s] GC(6) Concurrent Mark 66.681ms
[2024-03-17T12:57:15.642+0000][8.890s] GC(6) Concurrent Rebuild Remembered Sets
[2024-03-17T12:57:15.656+0000][8.904s] GC(6) Concurrent Rebuild Remembered Sets 14.003ms
[2024-03-17T12:57:15.657+0000][8.905s] GC(6) Pause Cleanup
[2024-03-17T12:57:15.657+0000][8.906s] GC(6) Pause Cleanup 33M->33M(512M) 0.528ms
[2024-03-17T12:57:15.658+0000][8.906s] GC(6) User=0.00s Sys=0.00s Real=0.00s
[2024-03-17T12:57:15.658+0000][8.906s] GC(6) Concurrent Cleanup for Next Mark
[2024-03-17T12:57:15.660+0000][8.909s] GC(6) Concurrent Cleanup for Next Mark 2.253ms
[2024-03-17T12:57:15.661+0000][8.909s] GC(6) Concurrent Mark Cycle 103.647ms
[2024-03-17T14:17:34.301+0000][4827.550s] Heap
[2024-03-17T14:17:34.303+0000][4827.551s]  garbage-first heap   total 524288K, used 224006K [0x00000000e0000000, 0x0000000100000000)
[2024-03-17T14:17:34.303+0000][4827.551s]   region size 1024K, 197 young (201728K), 8 survivors (8192K)
[2024-03-17T14:17:34.304+0000][4827.552s]  Metaspace       used 54741K, committed 55232K, reserved 1114112K
[2024-03-17T14:17:34.304+0000][4827.552s]   class space    used 7026K, committed 7232K, reserved 1048576K
