[2024-03-16T17:12:53.905+0000][0.022s] Using G1
[2024-03-16T17:12:53.985+0000][0.102s] Version: 17.0.10+7 (release)
[2024-03-16T17:12:53.985+0000][0.102s] CPUs: 8 total, 8 available
[2024-03-16T17:12:53.985+0000][0.103s] Memory: 12686M
[2024-03-16T17:12:53.986+0000][0.103s] Large Page Support: Disabled
[2024-03-16T17:12:53.986+0000][0.103s] NUMA Support: Disabled
[2024-03-16T17:12:53.987+0000][0.104s] Compressed Oops: Enabled (32-bit)
[2024-03-16T17:12:53.987+0000][0.104s] Heap Region Size: 1M
[2024-03-16T17:12:53.987+0000][0.104s] Heap Min Capacity: 512M
[2024-03-16T17:12:53.988+0000][0.105s] Heap Initial Capacity: 512M
[2024-03-16T17:12:53.988+0000][0.106s] Heap Max Capacity: 512M
[2024-03-16T17:12:53.989+0000][0.106s] Pre-touch: Enabled
[2024-03-16T17:12:53.989+0000][0.106s] Parallel Workers: 8
[2024-03-16T17:12:53.990+0000][0.107s] Concurrent Workers: 2
[2024-03-16T17:12:53.990+0000][0.107s] Concurrent Refinement Workers: 8
[2024-03-16T17:12:53.990+0000][0.108s] Periodic GC: Disabled
[2024-03-16T17:12:53.998+0000][0.115s] CDS archive(s) mapped at: [0x00007fc0e7000000-0x00007fc0e7a5f000-0x00007fc0e7a5f000), size 10874880, SharedBaseAddress: 0x00007fc0e7000000, ArchiveRelocationMode: 1.
[2024-03-16T17:12:53.999+0000][0.116s] Compressed class space mapped at: 0x00007fc0e8000000-0x00007fc128000000, reserved size: 1073741824
[2024-03-16T17:12:53.999+0000][0.116s] Narrow klass base: 0x00007fc0e7000000, Narrow klass shift: 0, Narrow klass range: 0x100000000
[2024-03-16T17:12:55.695+0000][1.812s] GC(0) Pause Young (Normal) (G1 Evacuation Pause)
[2024-03-16T17:12:55.695+0000][1.812s] GC(0) Using 8 workers of 8 for evacuation
[2024-03-16T17:12:55.699+0000][1.816s] GC(0)   Pre Evacuate Collection Set: 0.2ms
[2024-03-16T17:12:55.699+0000][1.816s] GC(0)   Merge Heap Roots: 0.2ms
[2024-03-16T17:12:55.699+0000][1.816s] GC(0)   Evacuate Collection Set: 2.2ms
[2024-03-16T17:12:55.699+0000][1.816s] GC(0)   Post Evacuate Collection Set: 0.8ms
[2024-03-16T17:12:55.699+0000][1.817s] GC(0)   Other: 0.6ms
[2024-03-16T17:12:55.700+0000][1.817s] GC(0) Eden regions: 29->0(57)
[2024-03-16T17:12:55.700+0000][1.817s] GC(0) Survivor regions: 0->4(4)
[2024-03-16T17:12:55.700+0000][1.817s] GC(0) Old regions: 0->1
[2024-03-16T17:12:55.700+0000][1.817s] GC(0) Archive regions: 2->2
[2024-03-16T17:12:55.700+0000][1.817s] GC(0) Humongous regions: 0->0
[2024-03-16T17:12:55.700+0000][1.817s] GC(0) Metaspace: 10000K(10304K)->10000K(10304K) NonClass: 8756K(8896K)->8756K(8896K) Class: 1243K(1408K)->1243K(1408K)
[2024-03-16T17:12:55.700+0000][1.818s] GC(0) Pause Young (Normal) (G1 Evacuation Pause) 29M->5M(512M) 5.730ms
[2024-03-16T17:12:55.701+0000][1.818s] GC(0) User=0.02s Sys=0.00s Real=0.00s
[2024-03-16T17:12:56.918+0000][3.035s] GC(1) Pause Young (Normal) (G1 Evacuation Pause)
[2024-03-16T17:12:56.918+0000][3.036s] GC(1) Using 8 workers of 8 for evacuation
[2024-03-16T17:12:56.926+0000][3.043s] GC(1)   Pre Evacuate Collection Set: 0.2ms
[2024-03-16T17:12:56.926+0000][3.044s] GC(1)   Merge Heap Roots: 0.1ms
[2024-03-16T17:12:56.926+0000][3.044s] GC(1)   Evacuate Collection Set: 6.2ms
[2024-03-16T17:12:56.927+0000][3.044s] GC(1)   Post Evacuate Collection Set: 0.8ms
[2024-03-16T17:12:56.927+0000][3.044s] GC(1)   Other: 0.5ms
[2024-03-16T17:12:56.927+0000][3.044s] GC(1) Eden regions: 55->0(64)
[2024-03-16T17:12:56.927+0000][3.044s] GC(1) Survivor regions: 4->8(8)
[2024-03-16T17:12:56.927+0000][3.044s] GC(1) Old regions: 1->9
[2024-03-16T17:12:56.927+0000][3.045s] GC(1) Archive regions: 2->2
[2024-03-16T17:12:56.928+0000][3.045s] GC(1) Humongous regions: 4->4
[2024-03-16T17:12:56.928+0000][3.045s] GC(1) Metaspace: 17926K(18176K)->17926K(18176K) NonClass: 15717K(15872K)->15717K(15872K) Class: 2208K(2304K)->2208K(2304K)
[2024-03-16T17:12:56.928+0000][3.045s] GC(1) Pause Young (Normal) (G1 Evacuation Pause) 64M->21M(512M) 9.815ms
[2024-03-16T17:12:56.928+0000][3.045s] GC(1) User=0.07s Sys=0.00s Real=0.01s
[2024-03-16T17:12:57.536+0000][3.653s] GC(2) Pause Young (Concurrent Start) (Metadata GC Threshold)
[2024-03-16T17:12:57.536+0000][3.653s] GC(2) Using 8 workers of 8 for evacuation
[2024-03-16T17:12:57.542+0000][3.659s] GC(2)   Pre Evacuate Collection Set: 0.2ms
[2024-03-16T17:12:57.543+0000][3.660s] GC(2)   Merge Heap Roots: 0.2ms
[2024-03-16T17:12:57.543+0000][3.660s] GC(2)   Evacuate Collection Set: 4.6ms
[2024-03-16T17:12:57.543+0000][3.660s] GC(2)   Post Evacuate Collection Set: 0.8ms
[2024-03-16T17:12:57.543+0000][3.660s] GC(2)   Other: 0.7ms
[2024-03-16T17:12:57.544+0000][3.661s] GC(2) Eden regions: 31->0(72)
[2024-03-16T17:12:57.544+0000][3.661s] GC(2) Survivor regions: 8->3(9)
[2024-03-16T17:12:57.544+0000][3.661s] GC(2) Old regions: 9->17
[2024-03-16T17:12:57.544+0000][3.661s] GC(2) Archive regions: 2->2
[2024-03-16T17:12:57.545+0000][3.662s] GC(2) Humongous regions: 4->4
[2024-03-16T17:12:57.545+0000][3.662s] GC(2) Metaspace: 21242K(21504K)->21242K(21504K) NonClass: 18627K(18752K)->18627K(18752K) Class: 2614K(2752K)->2614K(2752K)
[2024-03-16T17:12:57.545+0000][3.662s] GC(2) Pause Young (Concurrent Start) (Metadata GC Threshold) 52M->24M(512M) 9.339ms
[2024-03-16T17:12:57.545+0000][3.662s] GC(2) User=0.04s Sys=0.00s Real=0.01s
[2024-03-16T17:12:57.545+0000][3.663s] GC(3) Concurrent Mark Cycle
[2024-03-16T17:12:57.546+0000][3.663s] GC(3) Concurrent Clear Claimed Marks
[2024-03-16T17:12:57.546+0000][3.663s] GC(3) Concurrent Clear Claimed Marks 0.296ms
[2024-03-16T17:12:57.546+0000][3.663s] GC(3) Concurrent Scan Root Regions
[2024-03-16T17:12:57.550+0000][3.667s] GC(3) Concurrent Scan Root Regions 3.827ms
[2024-03-16T17:12:57.551+0000][3.668s] GC(3) Concurrent Mark
[2024-03-16T17:12:57.551+0000][3.668s] GC(3) Concurrent Mark From Roots
[2024-03-16T17:12:57.551+0000][3.668s] GC(3) Using 2 workers of 2 for marking
[2024-03-16T17:12:57.565+0000][3.682s] GC(3) Concurrent Mark From Roots 14.218ms
[2024-03-16T17:12:57.566+0000][3.683s] GC(3) Concurrent Preclean
[2024-03-16T17:12:57.566+0000][3.683s] GC(3) Concurrent Preclean 0.424ms
[2024-03-16T17:12:57.566+0000][3.684s] GC(3) Pause Remark
[2024-03-16T17:12:57.570+0000][3.687s] GC(3) Pause Remark 25M->25M(512M) 3.521ms
[2024-03-16T17:12:57.570+0000][3.688s] GC(3) User=0.01s Sys=0.00s Real=0.00s
[2024-03-16T17:12:57.571+0000][3.688s] GC(3) Concurrent Mark 20.157ms
[2024-03-16T17:12:57.571+0000][3.688s] GC(3) Concurrent Rebuild Remembered Sets
[2024-03-16T17:12:57.571+0000][3.689s] GC(3) Concurrent Rebuild Remembered Sets 0.273ms
[2024-03-16T17:12:57.574+0000][3.691s] GC(3) Pause Cleanup
[2024-03-16T17:12:57.574+0000][3.691s] GC(3) Pause Cleanup 25M->25M(512M) 0.323ms
[2024-03-16T17:12:57.575+0000][3.692s] GC(3) User=0.00s Sys=0.00s Real=0.01s
[2024-03-16T17:12:57.575+0000][3.692s] GC(3) Concurrent Cleanup for Next Mark
[2024-03-16T17:12:57.576+0000][3.693s] GC(3) Concurrent Cleanup for Next Mark 0.984ms
[2024-03-16T17:12:57.576+0000][3.694s] GC(3) Concurrent Mark Cycle 30.861ms
[2024-03-16T17:12:59.714+0000][5.831s] GC(4) Pause Young (Normal) (G1 Evacuation Pause)
[2024-03-16T17:12:59.714+0000][5.831s] GC(4) Using 8 workers of 8 for evacuation
[2024-03-16T17:12:59.720+0000][5.837s] GC(4)   Pre Evacuate Collection Set: 0.2ms
[2024-03-16T17:12:59.720+0000][5.837s] GC(4)   Merge Heap Roots: 0.2ms
[2024-03-16T17:12:59.720+0000][5.837s] GC(4)   Evacuate Collection Set: 3.7ms
[2024-03-16T17:12:59.720+0000][5.837s] GC(4)   Post Evacuate Collection Set: 1.2ms
[2024-03-16T17:12:59.720+0000][5.838s] GC(4)   Other: 0.7ms
[2024-03-16T17:12:59.720+0000][5.838s] GC(4) Eden regions: 72->0(300)
[2024-03-16T17:12:59.721+0000][5.838s] GC(4) Survivor regions: 3->7(10)
[2024-03-16T17:12:59.721+0000][5.838s] GC(4) Old regions: 17->17
[2024-03-16T17:12:59.721+0000][5.838s] GC(4) Archive regions: 2->2
[2024-03-16T17:12:59.721+0000][5.838s] GC(4) Humongous regions: 4->4
[2024-03-16T17:12:59.721+0000][5.838s] GC(4) Metaspace: 34146K(34496K)->34146K(34496K) NonClass: 29876K(30080K)->29876K(30080K) Class: 4270K(4416K)->4270K(4416K)
[2024-03-16T17:12:59.721+0000][5.839s] GC(4) Pause Young (Normal) (G1 Evacuation Pause) 96M->28M(512M) 7.741ms
[2024-03-16T17:12:59.722+0000][5.839s] GC(4) User=0.03s Sys=0.00s Real=0.01s
[2024-03-16T17:13:00.097+0000][6.214s] GC(5) Pause Young (Concurrent Start) (Metadata GC Threshold)
[2024-03-16T17:13:00.098+0000][6.215s] GC(5) Using 8 workers of 8 for evacuation
[2024-03-16T17:13:00.104+0000][6.221s] GC(5)   Pre Evacuate Collection Set: 0.3ms
[2024-03-16T17:13:00.104+0000][6.221s] GC(5)   Merge Heap Roots: 0.2ms
[2024-03-16T17:13:00.104+0000][6.221s] GC(5)   Evacuate Collection Set: 4.1ms
[2024-03-16T17:13:00.104+0000][6.221s] GC(5)   Post Evacuate Collection Set: 1.0ms
[2024-03-16T17:13:00.104+0000][6.221s] GC(5)   Other: 0.8ms
[2024-03-16T17:13:00.104+0000][6.222s] GC(5) Eden regions: 16->0(299)
[2024-03-16T17:13:00.105+0000][6.222s] GC(5) Survivor regions: 7->8(39)
[2024-03-16T17:13:00.105+0000][6.222s] GC(5) Old regions: 17->17
[2024-03-16T17:13:00.105+0000][6.222s] GC(5) Archive regions: 2->2
[2024-03-16T17:13:00.105+0000][6.222s] GC(5) Humongous regions: 4->4
[2024-03-16T17:13:00.105+0000][6.222s] GC(5) Metaspace: 35859K(36288K)->35859K(36288K) NonClass: 31371K(31552K)->31371K(31552K) Class: 4487K(4736K)->4487K(4736K)
[2024-03-16T17:13:00.105+0000][6.223s] GC(5) Pause Young (Concurrent Start) (Metadata GC Threshold) 44M->29M(512M) 8.220ms
[2024-03-16T17:13:00.106+0000][6.223s] GC(5) User=0.03s Sys=0.00s Real=0.01s
[2024-03-16T17:13:00.106+0000][6.223s] GC(6) Concurrent Mark Cycle
[2024-03-16T17:13:00.106+0000][6.223s] GC(6) Concurrent Clear Claimed Marks
[2024-03-16T17:13:00.106+0000][6.223s] GC(6) Concurrent Clear Claimed Marks 0.238ms
[2024-03-16T17:13:00.106+0000][6.224s] GC(6) Concurrent Scan Root Regions
[2024-03-16T17:13:00.110+0000][6.227s] GC(6) Concurrent Scan Root Regions 3.586ms
[2024-03-16T17:13:00.110+0000][6.228s] GC(6) Concurrent Mark
[2024-03-16T17:13:00.111+0000][6.228s] GC(6) Concurrent Mark From Roots
[2024-03-16T17:13:00.111+0000][6.228s] GC(6) Using 2 workers of 2 for marking
[2024-03-16T17:13:00.128+0000][6.245s] GC(6) Concurrent Mark From Roots 17.032ms
[2024-03-16T17:13:00.128+0000][6.245s] GC(6) Concurrent Preclean
[2024-03-16T17:13:00.128+0000][6.245s] GC(6) Concurrent Preclean 0.356ms
[2024-03-16T17:13:00.129+0000][6.246s] GC(6) Pause Remark
[2024-03-16T17:13:00.131+0000][6.248s] GC(6) Pause Remark 31M->31M(512M) 2.498ms
[2024-03-16T17:13:00.131+0000][6.249s] GC(6) User=0.01s Sys=0.01s Real=0.00s
[2024-03-16T17:13:00.132+0000][6.249s] GC(6) Concurrent Mark 21.192ms
[2024-03-16T17:13:00.132+0000][6.249s] GC(6) Concurrent Rebuild Remembered Sets
[2024-03-16T17:13:00.139+0000][6.256s] GC(6) Concurrent Rebuild Remembered Sets 7.445ms
[2024-03-16T17:13:00.140+0000][6.257s] GC(6) Pause Cleanup
[2024-03-16T17:13:00.140+0000][6.257s] GC(6) Pause Cleanup 32M->32M(512M) 0.446ms
[2024-03-16T17:13:00.140+0000][6.258s] GC(6) User=0.00s Sys=0.00s Real=0.00s
[2024-03-16T17:13:00.141+0000][6.258s] GC(6) Concurrent Cleanup for Next Mark
[2024-03-16T17:13:00.142+0000][6.259s] GC(6) Concurrent Cleanup for Next Mark 0.942ms
[2024-03-16T17:13:00.142+0000][6.259s] GC(6) Concurrent Mark Cycle 36.031ms
[2024-03-16T17:17:17.965+0000][264.082s] GC(7) Pause Young (Normal) (G1 Evacuation Pause)
[2024-03-16T17:17:17.965+0000][264.083s] GC(7) Using 8 workers of 8 for evacuation
[2024-03-16T17:17:18.019+0000][264.137s] GC(7)   Pre Evacuate Collection Set: 0.3ms
[2024-03-16T17:17:18.020+0000][264.137s] GC(7)   Merge Heap Roots: 0.4ms
[2024-03-16T17:17:18.020+0000][264.137s] GC(7)   Evacuate Collection Set: 49.0ms
[2024-03-16T17:17:18.020+0000][264.138s] GC(7)   Post Evacuate Collection Set: 4.0ms
[2024-03-16T17:17:18.020+0000][264.138s] GC(7)   Other: 0.9ms
[2024-03-16T17:17:18.021+0000][264.138s] GC(7) Eden regions: 299->0(281)
[2024-03-16T17:17:18.021+0000][264.138s] GC(7) Survivor regions: 8->26(39)
[2024-03-16T17:17:18.021+0000][264.138s] GC(7) Old regions: 17->17
[2024-03-16T17:17:18.021+0000][264.139s] GC(7) Archive regions: 2->2
[2024-03-16T17:17:18.021+0000][264.139s] GC(7) Humongous regions: 4->4
[2024-03-16T17:17:18.021+0000][264.139s] GC(7) Metaspace: 55650K(56256K)->55650K(56256K) NonClass: 48500K(48832K)->48500K(48832K) Class: 7150K(7424K)->7150K(7424K)
[2024-03-16T17:17:18.022+0000][264.139s] GC(7) Pause Young (Normal) (G1 Evacuation Pause) 328M->47M(512M) 56.755ms
[2024-03-16T17:17:18.022+0000][264.139s] GC(7) User=0.40s Sys=0.00s Real=0.05s
[2024-03-16T17:33:50.423+0000][1256.540s] Heap
[2024-03-16T17:33:50.423+0000][1256.541s]  garbage-first heap   total 524288K, used 242523K [0x00000000e0000000, 0x0000000100000000)
[2024-03-16T17:33:50.424+0000][1256.541s]   region size 1024K, 215 young (220160K), 26 survivors (26624K)
[2024-03-16T17:33:50.424+0000][1256.541s]  Metaspace       used 58199K, committed 58816K, reserved 1114112K
[2024-03-16T17:33:50.424+0000][1256.542s]   class space    used 7395K, committed 7680K, reserved 1048576K
