[2024-03-16T20:48:15.892+0000][0.023s] Using G1
[2024-03-16T20:48:15.960+0000][0.091s] Version: 17.0.10+7 (release)
[2024-03-16T20:48:15.960+0000][0.091s] CPUs: 8 total, 8 available
[2024-03-16T20:48:15.961+0000][0.092s] Memory: 12686M
[2024-03-16T20:48:15.961+0000][0.092s] Large Page Support: Disabled
[2024-03-16T20:48:15.961+0000][0.092s] NUMA Support: Disabled
[2024-03-16T20:48:15.961+0000][0.092s] Compressed Oops: Enabled (32-bit)
[2024-03-16T20:48:15.962+0000][0.093s] Heap Region Size: 1M
[2024-03-16T20:48:15.962+0000][0.093s] Heap Min Capacity: 512M
[2024-03-16T20:48:15.962+0000][0.093s] Heap Initial Capacity: 512M
[2024-03-16T20:48:15.963+0000][0.094s] Heap Max Capacity: 512M
[2024-03-16T20:48:15.963+0000][0.094s] Pre-touch: Enabled
[2024-03-16T20:48:15.963+0000][0.094s] Parallel Workers: 8
[2024-03-16T20:48:15.963+0000][0.094s] Concurrent Workers: 2
[2024-03-16T20:48:15.964+0000][0.095s] Concurrent Refinement Workers: 8
[2024-03-16T20:48:15.964+0000][0.095s] Periodic GC: Disabled
[2024-03-16T20:48:15.972+0000][0.103s] CDS archive(s) mapped at: [0x00007f88f3000000-0x00007f88f3a5f000-0x00007f88f3a5f000), size 10874880, SharedBaseAddress: 0x00007f88f3000000, ArchiveRelocationMode: 1.
[2024-03-16T20:48:15.972+0000][0.103s] Compressed class space mapped at: 0x00007f88f4000000-0x00007f8934000000, reserved size: 1073741824
[2024-03-16T20:48:15.972+0000][0.103s] Narrow klass base: 0x00007f88f3000000, Narrow klass shift: 0, Narrow klass range: 0x100000000
[2024-03-16T20:48:17.714+0000][1.844s] GC(0) Pause Young (Normal) (G1 Evacuation Pause)
[2024-03-16T20:48:17.714+0000][1.844s] GC(0) Using 8 workers of 8 for evacuation
[2024-03-16T20:48:17.719+0000][1.849s] GC(0)   Pre Evacuate Collection Set: 0.3ms
[2024-03-16T20:48:17.719+0000][1.849s] GC(0)   Merge Heap Roots: 0.3ms
[2024-03-16T20:48:17.719+0000][1.850s] GC(0)   Evacuate Collection Set: 2.9ms
[2024-03-16T20:48:17.720+0000][1.850s] GC(0)   Post Evacuate Collection Set: 1.0ms
[2024-03-16T20:48:17.720+0000][1.850s] GC(0)   Other: 0.8ms
[2024-03-16T20:48:17.720+0000][1.850s] GC(0) Eden regions: 29->0(57)
[2024-03-16T20:48:17.720+0000][1.851s] GC(0) Survivor regions: 0->4(4)
[2024-03-16T20:48:17.720+0000][1.851s] GC(0) Old regions: 0->1
[2024-03-16T20:48:17.721+0000][1.851s] GC(0) Archive regions: 2->2
[2024-03-16T20:48:17.721+0000][1.851s] GC(0) Humongous regions: 0->0
[2024-03-16T20:48:17.721+0000][1.852s] GC(0) Metaspace: 9930K(10176K)->9930K(10176K) NonClass: 8705K(8832K)->8705K(8832K) Class: 1225K(1344K)->1225K(1344K)
[2024-03-16T20:48:17.722+0000][1.852s] GC(0) Pause Young (Normal) (G1 Evacuation Pause) 29M->5M(512M) 8.106ms
[2024-03-16T20:48:17.723+0000][1.853s] GC(0) User=0.04s Sys=0.01s Real=0.01s
[2024-03-16T20:48:19.599+0000][3.729s] GC(1) Pause Young (Normal) (G1 Evacuation Pause)
[2024-03-16T20:48:19.599+0000][3.730s] GC(1) Using 8 workers of 8 for evacuation
[2024-03-16T20:48:19.610+0000][3.740s] GC(1)   Pre Evacuate Collection Set: 0.3ms
[2024-03-16T20:48:19.610+0000][3.740s] GC(1)   Merge Heap Roots: 0.3ms
[2024-03-16T20:48:19.610+0000][3.741s] GC(1)   Evacuate Collection Set: 7.7ms
[2024-03-16T20:48:19.611+0000][3.741s] GC(1)   Post Evacuate Collection Set: 1.7ms
[2024-03-16T20:48:19.611+0000][3.741s] GC(1)   Other: 0.8ms
[2024-03-16T20:48:19.611+0000][3.741s] GC(1) Eden regions: 55->0(72)
[2024-03-16T20:48:19.611+0000][3.742s] GC(1) Survivor regions: 4->8(8)
[2024-03-16T20:48:19.612+0000][3.742s] GC(1) Old regions: 1->9
[2024-03-16T20:48:19.612+0000][3.742s] GC(1) Archive regions: 2->2
[2024-03-16T20:48:19.612+0000][3.742s] GC(1) Humongous regions: 4->4
[2024-03-16T20:48:19.612+0000][3.743s] GC(1) Metaspace: 17936K(18240K)->17936K(18240K) NonClass: 15720K(15936K)->15720K(15936K) Class: 2216K(2304K)->2216K(2304K)
[2024-03-16T20:48:19.613+0000][3.743s] GC(1) Pause Young (Normal) (G1 Evacuation Pause) 64M->21M(512M) 13.561ms
[2024-03-16T20:48:19.613+0000][3.743s] GC(1) User=0.06s Sys=0.02s Real=0.02s
[2024-03-16T20:48:20.692+0000][4.822s] GC(2) Pause Young (Concurrent Start) (Metadata GC Threshold)
[2024-03-16T20:48:20.692+0000][4.823s] GC(2) Using 8 workers of 8 for evacuation
[2024-03-16T20:48:20.699+0000][4.829s] GC(2)   Pre Evacuate Collection Set: 0.3ms
[2024-03-16T20:48:20.699+0000][4.830s] GC(2)   Merge Heap Roots: 0.2ms
[2024-03-16T20:48:20.700+0000][4.830s] GC(2)   Evacuate Collection Set: 4.8ms
[2024-03-16T20:48:20.700+0000][4.830s] GC(2)   Post Evacuate Collection Set: 1.0ms
[2024-03-16T20:48:20.700+0000][4.830s] GC(2)   Other: 0.9ms
[2024-03-16T20:48:20.700+0000][4.831s] GC(2) Eden regions: 31->0(87)
[2024-03-16T20:48:20.700+0000][4.831s] GC(2) Survivor regions: 8->3(10)
[2024-03-16T20:48:20.701+0000][4.831s] GC(2) Old regions: 9->17
[2024-03-16T20:48:20.701+0000][4.831s] GC(2) Archive regions: 2->2
[2024-03-16T20:48:20.701+0000][4.831s] GC(2) Humongous regions: 4->4
[2024-03-16T20:48:20.701+0000][4.832s] GC(2) Metaspace: 21151K(21504K)->21151K(21504K) NonClass: 18538K(18688K)->18538K(18688K) Class: 2613K(2816K)->2613K(2816K)
[2024-03-16T20:48:20.702+0000][4.832s] GC(2) Pause Young (Concurrent Start) (Metadata GC Threshold) 51M->24M(512M) 9.775ms
[2024-03-16T20:48:20.702+0000][4.832s] GC(2) User=0.05s Sys=0.00s Real=0.01s
[2024-03-16T20:48:20.702+0000][4.833s] GC(3) Concurrent Mark Cycle
[2024-03-16T20:48:20.702+0000][4.833s] GC(3) Concurrent Clear Claimed Marks
[2024-03-16T20:48:20.703+0000][4.833s] GC(3) Concurrent Clear Claimed Marks 0.380ms
[2024-03-16T20:48:20.703+0000][4.834s] GC(3) Concurrent Scan Root Regions
[2024-03-16T20:48:20.707+0000][4.837s] GC(3) Concurrent Scan Root Regions 3.880ms
[2024-03-16T20:48:20.708+0000][4.838s] GC(3) Concurrent Mark
[2024-03-16T20:48:20.708+0000][4.838s] GC(3) Concurrent Mark From Roots
[2024-03-16T20:48:20.708+0000][4.838s] GC(3) Using 2 workers of 2 for marking
[2024-03-16T20:48:20.721+0000][4.852s] GC(3) Concurrent Mark From Roots 13.395ms
[2024-03-16T20:48:20.722+0000][4.852s] GC(3) Concurrent Preclean
[2024-03-16T20:48:20.722+0000][4.852s] GC(3) Concurrent Preclean 0.288ms
[2024-03-16T20:48:20.722+0000][4.852s] GC(3) Pause Remark
[2024-03-16T20:48:20.725+0000][4.855s] GC(3) Pause Remark 25M->25M(512M) 2.661ms
[2024-03-16T20:48:20.725+0000][4.855s] GC(3) User=0.02s Sys=0.01s Real=0.00s
[2024-03-16T20:48:20.725+0000][4.856s] GC(3) Concurrent Mark 17.895ms
[2024-03-16T20:48:20.726+0000][4.856s] GC(3) Concurrent Rebuild Remembered Sets
[2024-03-16T20:48:20.734+0000][4.864s] GC(3) Concurrent Rebuild Remembered Sets 8.245ms
[2024-03-16T20:48:20.734+0000][4.865s] GC(3) Pause Cleanup
[2024-03-16T20:48:20.735+0000][4.865s] GC(3) Pause Cleanup 25M->25M(512M) 0.439ms
[2024-03-16T20:48:20.735+0000][4.865s] GC(3) User=0.00s Sys=0.00s Real=0.00s
[2024-03-16T20:48:20.735+0000][4.866s] GC(3) Concurrent Cleanup for Next Mark
[2024-03-16T20:48:20.736+0000][4.866s] GC(3) Concurrent Cleanup for Next Mark 0.698ms
[2024-03-16T20:48:20.736+0000][4.867s] GC(3) Concurrent Mark Cycle 34.127ms
[2024-03-16T20:48:23.967+0000][8.097s] GC(4) Pause Young (Normal) (G1 Evacuation Pause)
[2024-03-16T20:48:23.967+0000][8.097s] GC(4) Using 8 workers of 8 for evacuation
[2024-03-16T20:48:23.974+0000][8.104s] GC(4)   Pre Evacuate Collection Set: 0.3ms
[2024-03-16T20:48:23.974+0000][8.105s] GC(4)   Merge Heap Roots: 0.2ms
[2024-03-16T20:48:23.975+0000][8.105s] GC(4)   Evacuate Collection Set: 4.6ms
[2024-03-16T20:48:23.975+0000][8.105s] GC(4)   Post Evacuate Collection Set: 1.5ms
[2024-03-16T20:48:23.975+0000][8.106s] GC(4)   Other: 0.8ms
[2024-03-16T20:48:23.975+0000][8.106s] GC(4) Eden regions: 87->0(299)
[2024-03-16T20:48:23.976+0000][8.106s] GC(4) Survivor regions: 3->8(12)
[2024-03-16T20:48:23.976+0000][8.106s] GC(4) Old regions: 17->17
[2024-03-16T20:48:23.976+0000][8.106s] GC(4) Archive regions: 2->2
[2024-03-16T20:48:23.976+0000][8.107s] GC(4) Humongous regions: 4->4
[2024-03-16T20:48:23.976+0000][8.107s] GC(4) Metaspace: 34793K(35200K)->34793K(35200K) NonClass: 30425K(30592K)->30425K(30592K) Class: 4368K(4608K)->4368K(4608K)
[2024-03-16T20:48:23.977+0000][8.107s] GC(4) Pause Young (Normal) (G1 Evacuation Pause) 111M->29M(512M) 9.895ms
[2024-03-16T20:48:23.977+0000][8.107s] GC(4) User=0.05s Sys=0.00s Real=0.01s
[2024-03-16T20:48:24.133+0000][8.263s] GC(5) Pause Young (Concurrent Start) (Metadata GC Threshold)
[2024-03-16T20:48:24.133+0000][8.263s] GC(5) Using 8 workers of 8 for evacuation
[2024-03-16T20:48:24.139+0000][8.270s] GC(5)   Pre Evacuate Collection Set: 0.3ms
[2024-03-16T20:48:24.140+0000][8.270s] GC(5)   Merge Heap Roots: 0.2ms
[2024-03-16T20:48:24.140+0000][8.270s] GC(5)   Evacuate Collection Set: 4.4ms
[2024-03-16T20:48:24.140+0000][8.271s] GC(5)   Post Evacuate Collection Set: 1.1ms
[2024-03-16T20:48:24.141+0000][8.271s] GC(5)   Other: 0.9ms
[2024-03-16T20:48:24.141+0000][8.271s] GC(5) Eden regions: 7->0(298)
[2024-03-16T20:48:24.141+0000][8.272s] GC(5) Survivor regions: 8->9(39)
[2024-03-16T20:48:24.141+0000][8.272s] GC(5) Old regions: 17->17
[2024-03-16T20:48:24.142+0000][8.272s] GC(5) Archive regions: 2->2
[2024-03-16T20:48:24.142+0000][8.272s] GC(5) Humongous regions: 4->4
[2024-03-16T20:48:24.142+0000][8.273s] GC(5) Metaspace: 35767K(36160K)->35767K(36160K) NonClass: 31282K(31488K)->31282K(31488K) Class: 4485K(4672K)->4485K(4672K)
[2024-03-16T20:48:24.143+0000][8.273s] GC(5) Pause Young (Concurrent Start) (Metadata GC Threshold) 35M->29M(512M) 10.048ms
[2024-03-16T20:48:24.143+0000][8.273s] GC(5) User=0.03s Sys=0.01s Real=0.01s
[2024-03-16T20:48:24.143+0000][8.273s] GC(6) Concurrent Mark Cycle
[2024-03-16T20:48:24.143+0000][8.274s] GC(6) Concurrent Clear Claimed Marks
[2024-03-16T20:48:24.144+0000][8.274s] GC(6) Concurrent Clear Claimed Marks 0.502ms
[2024-03-16T20:48:24.144+0000][8.275s] GC(6) Concurrent Scan Root Regions
[2024-03-16T20:48:24.151+0000][8.281s] GC(6) Concurrent Scan Root Regions 6.917ms
[2024-03-16T20:48:24.152+0000][8.282s] GC(6) Concurrent Mark
[2024-03-16T20:48:24.152+0000][8.283s] GC(6) Concurrent Mark From Roots
[2024-03-16T20:48:24.153+0000][8.284s] GC(6) Using 2 workers of 2 for marking
[2024-03-16T20:48:24.178+0000][8.308s] GC(6) Concurrent Mark From Roots 25.632ms
[2024-03-16T20:48:24.179+0000][8.309s] GC(6) Concurrent Preclean
[2024-03-16T20:48:24.182+0000][8.312s] GC(6) Concurrent Preclean 2.573ms
[2024-03-16T20:48:24.183+0000][8.313s] GC(6) Pause Remark
[2024-03-16T20:48:24.187+0000][8.318s] GC(6) Pause Remark 31M->31M(512M) 4.418ms
[2024-03-16T20:48:24.188+0000][8.318s] GC(6) User=0.02s Sys=0.00s Real=0.00s
[2024-03-16T20:48:24.188+0000][8.319s] GC(6) Concurrent Mark 36.624ms
[2024-03-16T20:48:24.189+0000][8.319s] GC(6) Concurrent Rebuild Remembered Sets
[2024-03-16T20:48:24.200+0000][8.330s] GC(6) Concurrent Rebuild Remembered Sets 11.193ms
[2024-03-16T20:48:24.202+0000][8.332s] GC(6) Pause Cleanup
[2024-03-16T20:48:24.202+0000][8.333s] GC(6) Pause Cleanup 32M->32M(512M) 0.847ms
[2024-03-16T20:48:24.203+0000][8.333s] GC(6) User=0.00s Sys=0.00s Real=0.00s
[2024-03-16T20:48:24.203+0000][8.334s] GC(6) Concurrent Cleanup for Next Mark
[2024-03-16T20:48:24.205+0000][8.336s] GC(6) Concurrent Cleanup for Next Mark 2.132ms
[2024-03-16T20:48:24.208+0000][8.339s] GC(6) Concurrent Mark Cycle 65.062ms
[2024-03-16T23:59:34.061+0000][11478.192s] GC(7) Pause Young (Prepare Mixed) (G1 Evacuation Pause)
[2024-03-16T23:59:34.062+0000][11478.193s] GC(7) Using 8 workers of 8 for evacuation
[2024-03-16T23:59:34.311+0000][11478.442s] GC(7)   Pre Evacuate Collection Set: 2.6ms
[2024-03-16T23:59:34.311+0000][11478.442s] GC(7)   Merge Heap Roots: 1.2ms
[2024-03-16T23:59:34.311+0000][11478.443s] GC(7)   Evacuate Collection Set: 234.4ms
[2024-03-16T23:59:34.311+0000][11478.443s] GC(7)   Post Evacuate Collection Set: 5.7ms
[2024-03-16T23:59:34.312+0000][11478.443s] GC(7)   Other: 7.7ms
[2024-03-16T23:59:34.312+0000][11478.443s] GC(7) Eden regions: 298->0(1)
[2024-03-16T23:59:34.312+0000][11478.443s] GC(7) Survivor regions: 9->25(39)
[2024-03-16T23:59:34.312+0000][11478.443s] GC(7) Old regions: 17->17
[2024-03-16T23:59:34.312+0000][11478.443s] GC(7) Archive regions: 2->2
[2024-03-16T23:59:34.312+0000][11478.444s] GC(7) Humongous regions: 4->4
[2024-03-16T23:59:34.312+0000][11478.444s] GC(7) Metaspace: 57508K(58112K)->57508K(58112K) NonClass: 50157K(50432K)->50157K(50432K) Class: 7351K(7680K)->7351K(7680K)
[2024-03-16T23:59:34.313+0000][11478.444s] GC(7) Pause Young (Prepare Mixed) (G1 Evacuation Pause) 327M->46M(512M) 252.430ms
[2024-03-16T23:59:34.313+0000][11478.444s] GC(7) User=1.92s Sys=0.00s Real=0.25s
[2024-03-16T23:59:34.362+0000][11478.493s] GC(8) Pause Young (Mixed) (G1 Evacuation Pause)
[2024-03-16T23:59:34.362+0000][11478.493s] GC(8) Using 8 workers of 8 for evacuation
[2024-03-16T23:59:34.438+0000][11478.569s] GC(8)   Pre Evacuate Collection Set: 0.2ms
[2024-03-16T23:59:34.438+0000][11478.569s] GC(8)   Merge Heap Roots: 0.4ms
[2024-03-16T23:59:34.438+0000][11478.569s] GC(8)   Evacuate Collection Set: 72.3ms
[2024-03-16T23:59:34.438+0000][11478.570s] GC(8)   Post Evacuate Collection Set: 2.3ms
[2024-03-16T23:59:34.438+0000][11478.570s] GC(8)   Other: 0.5ms
[2024-03-16T23:59:34.439+0000][11478.570s] GC(8) Eden regions: 1->0(293)
[2024-03-16T23:59:34.439+0000][11478.570s] GC(8) Survivor regions: 25->2(4)
[2024-03-16T23:59:34.439+0000][11478.570s] GC(8) Old regions: 17->42
[2024-03-16T23:59:34.439+0000][11478.570s] GC(8) Archive regions: 2->2
[2024-03-16T23:59:34.439+0000][11478.570s] GC(8) Humongous regions: 4->4
[2024-03-16T23:59:34.439+0000][11478.571s] GC(8) Metaspace: 57508K(58112K)->57508K(58112K) NonClass: 50157K(50432K)->50157K(50432K) Class: 7351K(7680K)->7351K(7680K)
[2024-03-16T23:59:34.440+0000][11478.571s] GC(8) Pause Young (Mixed) (G1 Evacuation Pause) 47M->47M(512M) 77.559ms
[2024-03-16T23:59:34.440+0000][11478.571s] GC(8) User=0.58s Sys=0.00s Real=0.08s
[2024-03-17T01:50:38.958+0000][18143.090s] Heap
[2024-03-17T01:50:38.959+0000][18143.091s]  garbage-first heap   total 524288K, used 83592K [0x00000000e0000000, 0x0000000100000000)
[2024-03-17T01:50:38.960+0000][18143.091s]   region size 1024K, 36 young (36864K), 2 survivors (2048K)
[2024-03-17T01:50:38.960+0000][18143.091s]  Metaspace       used 57801K, committed 58432K, reserved 1114112K
[2024-03-17T01:50:38.960+0000][18143.092s]   class space    used 7376K, committed 7680K, reserved 1048576K
